>>> add_integer = __import__('0-add_integer').add_integer

integer casting

check type

regular addition
>>> add_integer(1, 2)
3
>>> add_integer(100, -2)
98
>>> add_integer(2)
100
>>> add_integer(100.3, -2)
98

float overflow
>>> add_integer(1e100, 1e100)
Traceback (most recent call last):
    ...
OverflowError: int too large to convert to float


cannot convert float NaN to integer

missing one argument

missing two arguments
